2026-10-06 13:27:08 KST 시작 — 워크트리 main(bc844d72) 로 앞당김 · 기존 관문 코드(sector_rs·sb_addons·regime_v2) 읽기
2026-10-06 13:31:12 KST etf_trend (G0) 끝 — 저장 1판 · [ra_gate] etf_trend opt G0 5s · 씨앗 CAGR 중앙 +0.0351 · 대표 거래 642 · 버린 신호(칸) 0 · 버린 신호(m=0) 0 · 성적표 대조 0.0000
2026-10-06 13:31:26 KST mr_band (G0) 끝 — 저장 1판 · [ra_gate] mr_band opt G0 5s · 씨앗 CAGR 중앙 -0.1585 · 대표 거래 2203 · 버린 신호(칸) 0 · 버린 신호(m=0) 0 · 성적표 대조 0.0000
2026-10-06 13:31:27 KST donchian (G0) 끝 — 저장 1판 · [ra_gate] donchian opt G0 8s · 씨앗 CAGR 중앙 -0.0147 · 대표 거래 1569 · 버린 신호(칸) 0 · 버린 신호(m=0) 0 · m 대조 0/25180 · 성적표 대조 0.0000
2026-10-06 13:31:44 KST vb (G0) 끝 — 저장 2판 · [ra_gate] vb pes G0 12s · 씨앗 CAGR 중앙 -0.1919 · 대표 거래 433 · 버린 신호(칸) 0 · 버린 신호(m=0) 0
2026-10-06 13:32:41 KST kojiro (G0) 끝 — 저장 2판 · [ra_gate] kojiro pes G0 40s · 씨앗 CAGR 중앙 -0.1425 · 대표 거래 4091 · 버린 신호(칸) 0 · 버린 신호(m=0) 0 · m 대조 0/93147
2026-10-06 13:32:49 KST mr_fkeep (G0) 끝 — 저장 1판 · [ra_gate] mr_fkeep opt G0 4s · 씨앗 CAGR 중앙 -0.1628 · 대표 거래 2424 · 버린 신호(칸) 0 · 버린 신호(m=0) 0 · 성적표 대조 0.0000
2026-10-06 13:33:38 KST vcp (G0) 끝 — 저장 1판 · [ra_gate] vcp opt G0 56s · 씨앗 CAGR 중앙 -0.1424 · 대표 거래 2660 · 버린 신호(칸) 0 · 버린 신호(m=0) 0 · m 대조 0/18134 · 성적표 대조 0.0000
2026-10-06 13:34:07 KST bfb (G0) 끝 — 저장 1판 · [ra_gate] bfb opt G0 84s · 씨앗 CAGR 중앙 -0.1936 · 대표 거래 2624 · 버린 신호(칸) 0 · 버린 신호(m=0) 0 · m 대조 0/41901 · 성적표 대조 0.0000
2026-10-06 13:34:14 KST 관문 끈 판(G0) 8전략 성적표 대조 전부 0원 · 터틀 4전략 신호 m 대조 불일치 0 · (라) 칸 키 regime_v2 대조 다른 날 0 · 단위 테스트 21 통과 → 사전 등록 동결 cb5449544d3e829b
2026-10-06 13:35:20 KST vb (G1 G3S G2S) 끝 — 저장 8판 · [ra_gate] vb pes G2S 8s · 씨앗 CAGR 중앙 -0.1910 · 대표 거래 440 · 버린 신호(칸) 32038 · 버린 신호(m=0) 16167
2026-10-06 13:38:35 KST kojiro (G0N G1 G2) 끝 — 저장 8판 · [ra_gate] kojiro pes G2 39s · 씨앗 CAGR 중앙 -0.1047 · 대표 거래 2866 · 버린 신호(칸) 34663 · 버린 신호(m=0) 0
2026-10-06 13:38:38 KST bfb (G0N G1 G2) 끝 — 저장 4판 · [ra_gate] bfb opt G2 82s · 씨앗 CAGR 중앙 -0.1879 · 대표 거래 2186 · 버린 신호(칸) 14812 · 버린 신호(m=0) 0
2026-10-06 13:38:54 KST mr_band (G1 G3S G2S) 끝 — 저장 4판 · [ra_gate] mr_band opt G2S 4s · 씨앗 CAGR 중앙 -0.0849 · 대표 거래 1101 · 버린 신호(칸) 19348 · 버린 신호(m=0) 10808
2026-10-06 13:38:56 KST etf_trend (G1 G3S G2S) 끝 — 저장 4판 · [ra_gate] etf_trend opt G2S 5s · 씨앗 CAGR 중앙 +0.0295 · 대표 거래 480 · 버린 신호(칸) 641 · 버린 신호(m=0) 0
2026-10-06 13:39:02 KST donchian (G0N G1 G2) 끝 — 저장 4판 · [ra_gate] donchian opt G2 6s · 씨앗 CAGR 중앙 +0.0275 · 대표 거래 1012 · 버린 신호(칸) 8313 · 버린 신호(m=0) 0
2026-10-06 13:41:21 KST vcp (G0N G1 G2) 끝 — 저장 4판 · [ra_gate] vcp opt G2 52s · 씨앗 CAGR 중앙 -0.1383 · 대표 거래 2117 · 버린 신호(칸) 4848 · 버린 신호(m=0) 0
2026-10-06 13:41:35 KST mr_fkeep (G1 G3S G2S) 끝 — 저장 4판 · [ra_gate] mr_fkeep opt G2S 3s · 씨앗 CAGR 중앙 -0.0830 · 대표 거래 1231 · 버린 신호(칸) 10293 · 버린 신호(m=0) 5456
2026-10-06 13:41:35 KST kojiro (G0) 끝 — 저장 8판 · [ra_gate] kojiro pes G0 이미 있음 — 건너뜀
2026-10-06 13:41:35 KST vb (G0) 끝 — 저장 8판 · [ra_gate] vb pes G0 이미 있음 — 건너뜀
2026-10-06 13:41:44 KST 전 판 40개 실행 끝(평균회귀는 y30venv numpy 피클 오류 → trackr_venv 로 다시 돎) · 보고 조립 시작
2026-10-06 13:45:11 KST 보고 조립 끝 — result.md·result.json·scoreboard_entries.json(42) · 성적표 연결 시작
2026-10-06 13:46:41 KST 성적표 297행(RAG_ 42 · 외부 경고 0) · build_page --check 문제 0 · replay 테스트 실행
2026-10-06 13:47:00 KST replay 테스트 609 통과(1 xfail) · 영향 인덱스 재생성 · 커밋
