2026-10-06 11:44:40 시작 — main c7dd69e0 으로 ff, global 관례 읽음(global_alloc_b 전 기간 1995-01 첫 월말~)
2026-10-06 11:54:40 금 자료 확보 — usagold.com 일별 XAUUSD(1994-12-01~2026-10-06, 8,242행, 결측 0) · Yahoo GC=F 대조 월 상관 0.991 · 연 차 ±2.1%p 이내. LBMA·stooq·FRED(폐지)·Bundesbank 실패
2026-10-06 11:55:23 사전 등록 동결(나스닥·금 추가 요청 포함) cca4a3df3ee5
2026-10-06 11:58:22 엔진 검산 {"K200": 0.0, "B1": 0.0, "NDX": 0.0, "OL_NDX_U": 0.0}
2026-10-06 11:58:22 GOLD 연복리 0.0928 낙폭 -0.4849 샤프 0.313 참고
2026-10-06 11:58:22 GOLD_H 연복리 0.0986 낙폭 -0.3915 샤프 0.368 참고
2026-10-06 11:58:22 GOLD_LEV2 연복리 0.1155 낙폭 -0.7239 샤프 0.345 참고
2026-10-06 11:58:22 AU_LEV2_H 연복리 0.1214 낙폭 -0.7084 샤프 0.366 참고
2026-10-06 11:58:23 AU_K80G20 연복리 0.1026 낙폭 -0.5850 샤프 0.325 실패
2026-10-06 11:58:25 AU_B1G10 연복리 0.0968 낙폭 -0.3598 샤프 0.363 실패
2026-10-06 11:58:26 AU_PERM 연복리 0.0857 낙폭 -0.2246 샤프 0.417 실패
2026-10-06 11:58:28 NQG_EW 연복리 0.1608 낙폭 -0.6578 샤프 0.683 실패
2026-10-06 11:58:29 NQG_IV 연복리 0.1482 낙폭 -0.3419 샤프 0.791 통과
2026-10-06 11:58:30 W 7자산 재현 연복리 0.07004 (공표 0.07004)
2026-10-06 11:58:33 AU_WF 연복리 0.0569 낙폭 -0.2664 샤프 0.283 실패 (12s)
2026-10-06 11:58:36 NQG_WF 연복리 0.1859 낙폭 -0.3031 샤프 0.903 실패 (14s)
2026-10-06 11:58:36 ETF 132030 KODEX 골드선물(H) 2010-10-05~ 모형 0.0781 ETF 0.0546 월상관 0.986
2026-10-06 11:58:36 ETF 411060 ACE KRX금현물 2021-12-17~ 모형 0.2249 ETF 0.2162 월상관 0.902
2026-10-06 11:58:36 ETF 319640 TIGER 골드선물(H) 2019-04-11~ 모형 0.1582 ETF 0.1287 월상관 0.981
2026-10-06 11:58:36 끝 14s
2026-10-06 11:59:36 결과 요약 확인 · result.md 작성 시작
2026-10-06 12:01:20 result.md · 성적표 연결 · 테스트 540 통과 · 영향 인덱스 갱신 → 커밋
