2026-10-06 10:09:03 KST 시작 — 워크트리 main(153ac21e) 로 앞당김, 자료·코드 조사 중
2026-10-06 10:10:15 KST 사전 등록 동결 7dc16e36c5e7a00e
2026-10-06 10:14:19 KST DDP vb 끝 — 4 판 저장
2026-10-06 10:14:28 KST DDP etf_trend 끝 — 2 판 저장
2026-10-06 10:14:37 KST DDP mr_band 끝 — 2 판 저장
2026-10-06 10:14:44 KST DDP mr_fkeep 끝 — 2 판 저장
2026-10-06 10:15:11 KST WF ou 시작
2026-10-06 10:15:13 KST WF ou 끝 — [wf] ou opt 2s CAGR 중앙 -0.2145 (공표 -0.2145) · 낙폭 -0.993 (공표 -0.993) 
2026-10-06 10:15:13 KST WF donchian 시작
2026-10-06 10:15:28 KST WF donchian 끝 — [wf] donchian opt 14s CAGR 중앙 +0.0424 (공표 +0.0424) · 낙폭 -0.488 (공표 -0.488) 
2026-10-06 10:15:28 KST WF vcp 시작
2026-10-06 10:17:02 KST WF vcp 끝 — [wf] vcp opt 94s CAGR 중앙 +0.0380 (공표 +0.0380) · 낙폭 -0.558 (공표 -0.558) 
2026-10-06 10:17:02 KST WF bfb 시작
2026-10-06 10:17:21 KST DDP kojiro 끝 — 4 판 저장
2026-10-06 10:19:06 KST DDP vcp 끝 — 2 판 저장
2026-10-06 10:19:28 KST WF bfb 끝 — [wf] bfb opt 145s CAGR 중앙 -0.0323 (공표 -0.0323) · 낙폭 -0.784 (공표 -0.784) 
2026-10-06 10:19:28 KST WF kojiro 시작
2026-10-06 10:20:17 KST WF kojiro 끝 — [wf] kojiro opt 49s CAGR 중앙 -0.1016 (공표 -0.1016) · 낙폭 -0.916 (공표 -0.916) 
2026-10-06 10:20:17 KST WF vb 시작
2026-10-06 10:20:28 KST WF vb 끝 — [wf] vb opt 11s CAGR 중앙 -0.2735 (공표 -0.2735) · 낙폭 -0.998 (공표 -0.998) [wf] vb pes 11s CAGR 중앙 -0.2737 (공표 -0.2737) · 낙폭 -0.998 (공표 -0.998) 
2026-10-06 10:20:28 KST WF 묶음 끝(ou donchian vcp bfb kojiro vb)
2026-10-06 10:21:46 KST DDP bfb 끝 — 2 판 저장
2026-10-06 10:21:46 KST DDP 묶음 끝(vb etf_trend mr_band mr_fkeep kojiro vcp bfb)
2026-10-06 10:22:29 KST 추가 요청 QRX(포트폴리오 −10% 손절) addendum 동결 7fcb08449fe5f656 · DDP·WF 곡선 끝, 보고 조립 전
2026-10-06 10:24:32 KST 보고 조립 1차(항목 48) — 결과 검토 중
2026-10-06 10:26:39 KST 결과 문서·성적표 항목 48 완성 · 테스트 494 통과 · 커밋 준비
